################################################################################
#                                                                              #
#      IAR Universal Linker V5.0.2.5/W32                                       #
#                                                                              #
#           Link time     =  27/Apr/2012  16:01:43                             #
#           Target CPU    =  MSP430                                            #
#           List file     =  "C:\Documents and Settings\a0217845\Desktop\Custo #
#                            m_BSL_Zip_File\BSL_Source\MSP430F552x_TA_UART\Deb #
#                            ug\List\MSP430F552x_TA_UART.map"                  #
#           Output file 1 =  "C:\Documents and Settings\a0217845\Desktop\Custo #
#                            m_BSL_Zip_File\BSL_Source\MSP430F552x_TA_UART\Deb #
#                            ug\Exe\MSP430F552x_TA_UART.txt"                   #
#                            Format: msp430_txt                                #
#           Output file 2 =  "C:\Documents and Settings\a0217845\Desktop\Custo #
#                            m_BSL_Zip_File\BSL_Source\MSP430F552x_TA_UART\Deb #
#                            ug\Exe\MSP430F552x_TA_UART.d43"                   #
#                            Format: debug                                     #
#                            UBROF version 10.0.3                              #
#           Command line  =  "C:\Documents and Settings\a0217845\Desktop\Custo #
#                            m_BSL_Zip_File\BSL_Source\MSP430F552x_TA_UART\Deb #
#                            ug\Obj\BSL430_API.r43"                            #
#                            "C:\Documents and Settings\a0217845\Desktop\Custo #
#                            m_BSL_Zip_File\BSL_Source\MSP430F552x_TA_UART\Deb #
#                            ug\Obj\BSL430_Command_Interpreter.r43"            #
#                            "C:\Documents and Settings\a0217845\Desktop\Custo #
#                            m_BSL_Zip_File\BSL_Source\MSP430F552x_TA_UART\Deb #
#                            ug\Obj\BSL430_Low_Level_Init.r43"                 #
#                            "C:\Documents and Settings\a0217845\Desktop\Custo #
#                            m_BSL_Zip_File\BSL_Source\MSP430F552x_TA_UART\Deb #
#                            ug\Obj\BSL430_PI_TA.r43"                          #
#                            -o                                                #
#                            "C:\Documents and Settings\a0217845\Desktop\Custo #
#                            m_BSL_Zip_File\BSL_Source\MSP430F552x_TA_UART\Deb #
#                            ug\Exe\MSP430F552x_TA_UART.d43"                   #
#                            -l                                                #
#                            "C:\Documents and Settings\a0217845\Desktop\Custo #
#                            m_BSL_Zip_File\BSL_Source\MSP430F552x_TA_UART\Deb #
#                            ug\List\MSP430F552x_TA_UART.map"                  #
#                            -xms                                              #
#                            "-IC:\Program Files\IAR Systems\Embedded Workbenc #
#                            h 6.0 Kickstart - V5.20\430\LIB\"                 #
#                            -f                                                #
#                            "C:\Documents and Settings\a0217845\Desktop\Custo #
#                            m_BSL_Zip_File\BSL_Source\MSP430F552x_TA_UART\CON #
#                            FIG\lnk430_BSL_AREA_RAM_2400-33FF.xcl"            #
#                            (-cmsp430                                         #
#                            -Z(DATA)DATA16_I,DATA16_Z,DATA16_N,DATA16_HEAP+_D #
#                            ATA16_HEAP_SIZE=2400-33FF                         #
#                            -Z(DATA)DATA20_I,DATA20_Z,DATA20_N,DATA20_HEAP+_D #
#                            ATA20_HEAP_SIZE                                   #
#                            -Z(DATA)CSTACK+_STACK_SIZE#                       #
#                            -Z(CONST)BSL430_VERSION_VENDOR=1010-1010          #
#                            -Z(CONST)BSL430_VERSION_CI=1011-1011              #
#                            -Z(CONST)BSL430_VERSION_API=1012-1012             #
#                            -Z(CONST)BSL430_VERSION_PI=1013-1013              #
#                            -Z(CONST)BSLSIG=0x17F0-17FB                       #
#                            -Z(CONST)JTAGLOCK_KEY=0x17FC-17FF                 #
#                            -Z(CODE)CSTART,ISR_CODE=1010-17EF                 #
#                            -Z(CONST)DATA16_C,DATA16_ID,DIFUNCT=1010-17EF     #
#                            -Z(CODE)ZAREA=1000-100F                           #
#                            -Z(CODE)ZAREA_CODE=1010-17FF                      #
#                            -Z(CODE)BSL0=1010-11FF -Z(CODE)BSL1=1200-13FF     #
#                            -Z(CODE)BSL2=1400-15FF -Z(CODE)BSL3=1600-17EF     #
#                            -P(CODE)CODE=1010-17EF                            #
#                            -Z(CONST)DATA20_C,DATA20_ID=1010-17EF             #
#                            -Z(CODE)INTVEC=FF80-FFFF                          #
#                            -Z(CODE)RESET=FFAE-FFAF) -f                       #
#                            "C:\Program Files\IAR Systems\Embedded Workbench  #
#                            6.0 Kickstart - V5.20\430\config\multiplier32_loc #
#                            2.xcl"                                            #
#                            (-e?Mul8HwLoc2=?Mul8 -e?Mul16HwLoc2=?Mul16        #
#                            -e?Mul16to32uHwLoc2=?Mul16to32u                   #
#                            -e?Mul16to32sHwLoc2=?Mul16to32s                   #
#                            -e?Mul32Hw32Loc2=?Mul32                           #
#                            -e?Mul64Hw32Loc2=_Mul64i                          #
#                            -e?Mul32u32uto64iHw32Loc2=_Mul32u32uto64i         #
#                            -e?Mul32fHwLoc2=_Mul32f                           #
#                            -e_Mul64fHwPtrLoc2=_Mul64fPtr) -D_STACK_SIZE=A0   #
#                            -Fubrof                                           #
#                            "C:\Program Files\IAR Systems\Embedded Workbench  #
#                            6.0 Kickstart - V5.20\430\LIB\DLIB\dl430xsfn.r43" #
#                            -e_PrintfTiny=_Printf -e_ScanfSmall=_Scanf        #
#                            -D_DATA16_HEAP_SIZE=A0                            #
#                            "-Omsp430_txt=C:\Documents and Settings\a0217845\ #
#                            Desktop\Custom_BSL_Zip_File\BSL_Source\MSP430F552 #
#                            x_TA_UART\Debug\Exe\MSP430F552x_TA_UART.txt"      #
#                            -s __program_start -D_DATA20_HEAP_SIZE=50         #
#                                                                              #
#                           Copyright (C) 1987-2010 IAR Systems AB.            #
################################################################################





                ****************************************
                *                                      *
                *           CROSS REFERENCE            *
                *                                      *
                ****************************************

       Program entry at :           1014  Relocatable, from module : ?cstart




                ****************************************
                *                                      *
                *            RUNTIME MODEL             *
                *                                      *
                ****************************************

  __SystemLibrary            = DLib
  __core                     = 430X
  __data_model               = small
  __dlib_file_descriptor     = 0
  __dlib_full_locale_support = 0
  __double_size              = 32
  __pic                      = no
  __reg_r4                   = free
  __reg_r5                   = free
  __rt_version               = 3



                ****************************************
                *                                      *
                *              MODULE MAP              *
                *                                      *
                ****************************************


  DEFINED ABSOLUTE ENTRIES
    *************************************************************************

  DEFINED ABSOLUTE ENTRIES
  PROGRAM MODULE, NAME : ?ABS_ENTRY_MOD

Absolute parts
           ENTRY                   ADDRESS         REF BY
           =====                   =======         ======
           _DATA20_HEAP_SIZE       0050 
           _DATA16_HEAP_SIZE       00A0 
           _STACK_SIZE             00A0 
    *************************************************************************

  FILE NAME : C:\Documents and Settings\a0217845\Desktop\Custom_BSL_Zip_File\BSL_Source\MSP430F552x_TA_UART\Debug\Obj\BSL430_API.r43
  PROGRAM MODULE, NAME : BSL430_API

  SEGMENTS IN THE MODULE
  ======================
DATA16_AN
  Relative segment, address: 0152 - 0153 (0x2 bytes), align: 0
  Segment part 1. ROOT.       Intra module refs:   CRC_Check
                                                   PI_receivePacket
                                                   PI_sendData
           ENTRY                   ADDRESS         REF BY
           =====                   =======         ======
           _A_CRCDIRB_L            0152 
           LOCAL                   ADDRESS         
           =====                   =======         
           CRCDIRB                 0152 
           CRCDIRB_H               0153 
           CRCDIRB_L               0152 
    -------------------------------------------------------------------------
DATA16_AN
  Relative segment, address: 0154 - 0155 (0x2 bytes), align: 0
  Segment part 2. ROOT.       Intra module refs:   CRC_Check
                                                   PI_receivePacket
                                                   PI_sendData
           ENTRY                   ADDRESS         REF BY
           =====                   =======         ======
           _A_CRCINIRES_L          0154 
           LOCAL                   ADDRESS         
           =====                   =======         
           CRCINIRES               0154 
           CRCINIRES_H             0155 
           CRCINIRES_L             0154 
    -------------------------------------------------------------------------
DATA16_AN
  Relative segment, address: 0140 - 0141 (0x2 bytes), align: 0
  Segment part 3. ROOT.       Intra module refs:   BSL430_unlock_BSL
                                                   interpretCommand
                                                   receiveDataBlock
           ENTRY                   ADDRESS         REF BY
           =====                   =======         ======
           _A_FCTL1_L              0140 
           LOCAL                   ADDRESS         
           =====                   =======         
           FCTL1                   0140 
           FCTL1_H                 0141 
           FCTL1_L                 0140 
    -------------------------------------------------------------------------
DATA16_AN
  Relative segment, address: 0144 - 0145 (0x2 bytes), align: 0
  Segment part 4. ROOT.       Intra module refs:   BSL430_unlock_BSL
                                                   interpretCommand
                                                   receiveDataBlock
           ENTRY                   ADDRESS         REF BY
           =====                   =======         ======
           _A_FCTL3_L              0144 
           LOCAL                   ADDRESS         
           =====                   =======         
           FCTL3                   0144 
           FCTL3_H                 0145 
           FCTL3_L                 0144 
    -------------------------------------------------------------------------
DATA16_AN
  Relative segment, address: 0204 - 0205 (0x2 bytes), align: 0
  Segment part 5. ROOT.       Intra module refs:   main
           ENTRY                   ADDRESS         REF BY
           =====                   =======         ======
           _A_PADIR_L              0204 
           LOCAL                   ADDRESS         
           =====                   =======         
           PADIR                   0204 
           PADIR_H                 0205 
           PADIR_L                 0204 
    -------------------------------------------------------------------------
DATA16_AN
  Relative segment, address: 020A - 020B (0x2 bytes), align: 0
  Segment part 6. ROOT.       Intra module refs:   main
           ENTRY                   ADDRESS         REF BY
           =====                   =======         ======
           _A_PASEL_L              020A 
           LOCAL                   ADDRESS         
           =====                   =======         
           PASEL                   020A 
           PASEL_H                 020B 
           PASEL_L                 020A 
    -------------------------------------------------------------------------
DATA16_AN
  Relative segment, address: 0340 - 0341 (0x2 bytes), align: 0
  Segment part 7. ROOT.       Intra module refs:   main
           ENTRY                   ADDRESS         REF BY
           =====                   =======         ======
           TA0CTL                  0340 
    -------------------------------------------------------------------------
DATA16_AN
  Relative segment, address: 0342 - 0343 (0x2 bytes), align: 0
  Segment part 8. ROOT.       Intra module refs:   main
                                                   sendByte
           ENTRY                   ADDRESS         REF BY
           =====                   =======         ======
           TA0CCTL0                0342 
    -------------------------------------------------------------------------
DATA16_AN
  Relative segment, address: 0344 - 0345 (0x2 bytes), align: 0
  Segment part 9. ROOT.       Intra module refs:   receiveByte
           ENTRY                   ADDRESS         REF BY
           =====                   =======         ======
           TA0CCTL1                0344 
    -------------------------------------------------------------------------
DATA16_AN
  Relative segment, address: 0350 - 0351 (0x2 bytes), align: 0
  Segment part 10. ROOT.      Intra module refs:   sendByte
           ENTRY                   ADDRESS         REF BY
           =====                   =======         ======
           TA0R                    0350 
    -------------------------------------------------------------------------
DATA16_AN
  Relative segment, address: 0352 - 0353 (0x2 bytes), align: 0
  Segment part 11. ROOT.      Intra module refs:   sendByte
           ENTRY                   ADDRESS         REF BY
           =====                   =======         ======
           TA0CCR0                 0352 
    -------------------------------------------------------------------------
DATA16_AN
  Relative segment, address: 0354 - 0355 (0x2 bytes), align: 0
  Segment part 12. ROOT.      Intra module refs:   receiveByte
           ENTRY                   ADDRESS         REF BY
           =====                   =======         ======
           TA0CCR1                 0354 
    -------------------------------------------------------------------------
DATA16_AN
  Relative segment, address: 0160 - 0161 (0x2 bytes), align: 0
  Segment part 13. ROOT.      Intra module refs:   main
           ENTRY                   ADDRESS         REF BY
           =====                   =======         ======
           _A_UCSCTL0_L            0160 
           LOCAL                   ADDRESS         
           =====                   =======         
           UCSCTL0                 0160 
           UCSCTL0_H               0161 
           UCSCTL0_L               0160 
    -------------------------------------------------------------------------
DATA16_AN
  Relative segment, address: 0162 - 0163 (0x2 bytes), align: 0
  Segment part 14. ROOT.      Intra module refs:   main
           ENTRY                   ADDRESS         REF BY
           =====                   =======         ======
           _A_UCSCTL1_L            0162 
           LOCAL                   ADDRESS         
           =====                   =======         
           UCSCTL1                 0162 
           UCSCTL1_H               0163 
           UCSCTL1_L               0162 
    -------------------------------------------------------------------------
DATA16_AN
  Relative segment, address: 0164 - 0165 (0x2 bytes), align: 0
  Segment part 15. ROOT.      Intra module refs:   main
           ENTRY                   ADDRESS         REF BY
           =====                   =======         ======
           _A_UCSCTL2_L            0164 
           LOCAL                   ADDRESS         
           =====                   =======         
           UCSCTL2                 0164 
           UCSCTL2_H               0165 
           UCSCTL2_L               0164 
    -------------------------------------------------------------------------
DATA16_AN
  Relative segment, address: 0168 - 0169 (0x2 bytes), align: 0
  Segment part 16. ROOT.      Intra module refs:   main
           ENTRY                   ADDRESS         REF BY
           =====                   =======         ======
           _A_UCSCTL4_L            0168 
           LOCAL                   ADDRESS         
           =====                   =======         
           UCSCTL4                 0168 
           UCSCTL4_H               0169 
           UCSCTL4_L               0168 
    -------------------------------------------------------------------------
DATA16_AN
  Relative segment, address: 016A - 016B (0x2 bytes), align: 0
  Segment part 17. ROOT.      Intra module refs:   main
           ENTRY                   ADDRESS         REF BY
           =====                   =======         ======
           _A_UCSCTL5_L            016A 
           LOCAL                   ADDRESS         
           =====                   =======         
           UCSCTL5                 016A 
           UCSCTL5_H               016B 
           UCSCTL5_L               016A 
    -------------------------------------------------------------------------
DATA16_AN
  Relative segment, address: 015C - 015D (0x2 bytes), align: 0
  Segment part 18. ROOT.      Intra module refs:   __low_level_init
           ENTRY                   ADDRESS         REF BY
           =====                   =======         ======
           _A_WDTCTL_L             015C 
           LOCAL                   ADDRESS         
           =====                   =======         
           WDTCTL                  015C 
           WDTCTL_H                015D 
           WDTCTL_L                015C 
    -------------------------------------------------------------------------
DATA16_N
  Relative segment, address: 2400 - 2401 (0x2 bytes), align: 1
  Segment part 20.            Intra module refs:   ?Subroutine3
                                                   BSL430_unlock_BSL
                                                   main
           ENTRY                   ADDRESS         REF BY
           =====                   =======         ======
           LockedStatus            2400 
    -------------------------------------------------------------------------
DATA16_N
  Relative segment, address: 2402 - 2403 (0x2 bytes), align: 1
  Segment part 21.            Intra module refs:   ?Subroutine2
                                                   ?Subroutine6
                                                   interpretCommand
                                                   main
                                                   receiveDataBlock
           ENTRY                   ADDRESS         REF BY
           =====                   =======         ======
           FwRamKey                2402 
    -------------------------------------------------------------------------
BSL430_VERSION_API
  Relative segment, address: 1012 - 1012 (0x1 bytes), align: 0
  Segment part 22.            Intra module refs:   __low_level_init
           ENTRY                   ADDRESS         REF BY
           =====                   =======         ======
           BSL430_API_Version      1012 
    -------------------------------------------------------------------------
<CODE> 1 (was CODE)
  Relative segment, address: 167A - 169B (0x22 bytes), align: 1
  Segment part 51. ROOT.
           ENTRY                   ADDRESS         REF BY
           =====                   =======         ======
           __low_level_init        167A            ?cstart_call_low_level_init (?cstart)
               CSTACK = 00000000 ( 00000004 )
    -------------------------------------------------------------------------
<CODE> 1 (was CODE)
  Relative segment, address: 152A - 157B (0x52 bytes), align: 1
  Segment part 48.            Intra module refs:   interpretCommand
           ENTRY                   ADDRESS         REF BY
           =====                   =======         ======
           BSL430_unlock_BSL       152A 
               CSTACK = 00000000 ( 0000000A )
    -------------------------------------------------------------------------
BSL430_VERSION_VENDOR
  Relative segment, address: 1010 - 1010 (0x1 bytes), align: 0
  Segment part 23.            Intra module refs:   interpretCommand
                                                   main
           ENTRY                   ADDRESS         REF BY
           =====                   =======         ======
           BSL430_Vendor_Version   1010 
    -------------------------------------------------------------------------
BSL430_VERSION_CI
  Relative segment, address: 1011 - 1011 (0x1 bytes), align: 0
  Segment part 24.            Intra module refs:   main
           ENTRY                   ADDRESS         REF BY
           =====                   =======         ======
           BSL430_CI_Version       1011 
    -------------------------------------------------------------------------
DATA16_N
  Relative segment, address: 2404 - 2405 (0x2 bytes), align: 1
  Segment part 25.            Intra module refs:   ?Subroutine1
                                                   interpretPI_Command
                                                   receiveByte
                                                   sendByte
           ENTRY                   ADDRESS         REF BY
           =====                   =======         ======
           BitTime                 2404 
    -------------------------------------------------------------------------
DATA16_N
  Relative segment, address: 2406 - 2407 (0x2 bytes), align: 1
  Segment part 26.            Intra module refs:   ?Subroutine1
                                                   interpretPI_Command
                                                   receiveByte
           ENTRY                   ADDRESS         REF BY
           =====                   =======         ======
           BitTime_5               2406 
    -------------------------------------------------------------------------
DATA16_N
  Relative segment, address: 2408 - 2409 (0x2 bytes), align: 1
  Segment part 27.            Intra module refs:   interpretCommand
                                                   main
           ENTRY                   ADDRESS         REF BY
           =====                   =======         ======
           BSL430_ReceiveBuffer    2408 
    -------------------------------------------------------------------------
DATA16_N
  Relative segment, address: 240A - 240B (0x2 bytes), align: 1
  Segment part 28.            Intra module refs:   CRC_Check
                                                   main
                                                   sendDataBlock
                                                   sendMessage
           ENTRY                   ADDRESS         REF BY
           =====                   =======         ======
           BSL430_SendBuffer       240A 
    -------------------------------------------------------------------------
DATA16_N
  Relative segment, address: 240C - 240D (0x2 bytes), align: 1
  Segment part 29.            Intra module refs:   PI_receivePacket
                                                   receiveDataBlock
           ENTRY                   ADDRESS         REF BY
           =====                   =======         ======
           BSL430_BufferSize       240C 
    -------------------------------------------------------------------------
DATA16_N
  Relative segment, address: 240E - 2511 (0x104 bytes), align: 1
  Segment part 30.            Intra module refs:   PI_receivePacket
                                                   PI_sendData
                                                   interpretPI_Command
                                                   main
           ENTRY                   ADDRESS         REF BY
           =====                   =======         ======
           RAM_Buf                 240E 
    -------------------------------------------------------------------------
BSL430_VERSION_PI
  Relative segment, address: 1013 - 1013 (0x1 bytes), align: 0
  Segment part 31.            Intra module refs:   main
           ENTRY                   ADDRESS         REF BY
           =====                   =======         ======
           BSL430_PI_Version       1013 
    -------------------------------------------------------------------------
<CODE> 1 (was CODE)
  Relative segment, address: 1056 - 10D1 (0x7c bytes), align: 1
  Segment part 35.            Intra module refs:   PI_receivePacket
           ENTRY                   ADDRESS         REF BY
           =====                   =======         ======
           interpretPI_Command     1056 
               calls direct
               CSTACK = 00000000 ( 00000004 )
    -------------------------------------------------------------------------
<CODE> 1 (was CODE)
  Relative segment, address: 10D2 - 10D7 (0x6 bytes), align: 1
  Segment part 36.            Intra module refs:   interpretPI_Command
           LOCAL                   ADDRESS         
           =====                   =======         
           ?Subroutine0            10D2 
    -------------------------------------------------------------------------
<CODE> 1 (was CODE)
  Relative segment, address: 10D8 - 11A3 (0xcc bytes), align: 1
  Segment part 37.            Intra module refs:   main
           ENTRY                   ADDRESS         REF BY
           =====                   =======         ======
           PI_receivePacket        10D8 
               calls direct
               CSTACK = 00000000 ( 00000006 )
    -------------------------------------------------------------------------
<CODE> 1 (was CODE)
  Relative segment, address: 11A4 - 11BB (0x18 bytes), align: 1
  Segment part 38.            Intra module refs:   CRC_Check
                                                   interpretCommand
                                                   receiveDataBlock
                                                   sendDataBlock
           ENTRY                   ADDRESS         REF BY
           =====                   =======         ======
           sendMessage             11A4 
               calls direct
               CSTACK = 00000000 ( 00000004 )
    -------------------------------------------------------------------------
<CODE> 1 (was CODE)
  Relative segment, address: 11BC - 126B (0xb0 bytes), align: 1
  Segment part 39.            Intra module refs:   interpretCommand
           ENTRY                   ADDRESS         REF BY
           =====                   =======         ======
           sendDataBlock           11BC 
               calls direct
               CSTACK = 00000000 ( 00000018 )
    -------------------------------------------------------------------------
<CODE> 1 (was CODE)
  Relative segment, address: 126C - 12D7 (0x6c bytes), align: 1
  Segment part 40.            Intra module refs:   interpretCommand
           ENTRY                   ADDRESS         REF BY
           =====                   =======         ======
           CRC_Check               126C 
               calls direct
               CSTACK = 00000000 ( 00000008 )
    -------------------------------------------------------------------------
<CODE> 1 (was CODE)
  Relative segment, address: 12D8 - 1365 (0x8e bytes), align: 1
  Segment part 41.            Intra module refs:   receiveDataBlock
           ENTRY                   ADDRESS         REF BY
           =====                   =======         ======
           BSL430_writeMemory      12D8 
               CSTACK = 00000000 ( 00000014 )
    -------------------------------------------------------------------------
<CODE> 1 (was CODE)
  Relative segment, address: 1366 - 136D (0x8 bytes), align: 1
  Segment part 42.            Intra module refs:   BSL430_writeMemory
                                                   CRC_Check
                                                   interpretCommand
                                                   receiveDataBlock
                                                   sendDataBlock
           LOCAL                   ADDRESS         
           =====                   =======         
           ?Subroutine3            1366 
    -------------------------------------------------------------------------
<CODE> 1 (was CODE)
  Relative segment, address: 136E - 13BF (0x52 bytes), align: 1
  Segment part 43.            Intra module refs:   interpretCommand
           ENTRY                   ADDRESS         REF BY
           =====                   =======         ======
           receiveDataBlock        136E 
               calls direct
               CSTACK = 00000000 ( 00000008 )
    -------------------------------------------------------------------------
<CODE> 1 (was CODE)
  Relative segment, address: 13C0 - 14B3 (0xf4 bytes), align: 1
  Segment part 44.            Intra module refs:   main
           ENTRY                   ADDRESS         REF BY
           =====                   =======         ======
           interpretCommand        13C0 
               calls direct and indirect
               CSTACK = 00000000 ( 00000008 )
    -------------------------------------------------------------------------
<CODE> 1 (was CODE)
  Relative segment, address: 14B4 - 14C1 (0xe bytes), align: 1
  Segment part 45.            Intra module refs:   interpretCommand
           LOCAL                   ADDRESS         
           =====                   =======         
           ?Subroutine5            14B4 
    -------------------------------------------------------------------------
<CODE> 1 (was CODE)
  Relative segment, address: 14C2 - 151B (0x5a bytes), align: 1
  Segment part 46.
           ENTRY                   ADDRESS         REF BY
           =====                   =======         ======
           main                    14C2            Segment part 19 (?cstart)
               calls direct
               CSTACK = 00000000 ( 00000004 )
    -------------------------------------------------------------------------
<CODE> 1 (was CODE)
  Relative segment, address: 151C - 1529 (0xe bytes), align: 1
  Segment part 47.            Intra module refs:   interpretPI_Command
                                                   main
           LOCAL                   ADDRESS         
           =====                   =======         
           ?Subroutine1            151C 
    -------------------------------------------------------------------------
<CODE> 1 (was CODE)
  Relative segment, address: 1614 - 1655 (0x42 bytes), align: 1
  Segment part 34.            Intra module refs:   PI_receivePacket
           ENTRY                   ADDRESS         REF BY
           =====                   =======         ======
           receiveByte             1614 
               CSTACK = 00000000 ( 00000004 )
    -------------------------------------------------------------------------
<CODE> 1 (was CODE)
  Relative segment, address: 157C - 15C7 (0x4c bytes), align: 1
  Segment part 32.            Intra module refs:   ?Subroutine0
                                                   PI_receivePacket
                                                   PI_sendData
                                                   interpretPI_Command
           ENTRY                   ADDRESS         REF BY
           =====                   =======         ======
           sendByte                157C 
               CSTACK = 00000000 ( 00000004 )
    -------------------------------------------------------------------------
<CODE> 1 (was CODE)
  Relative segment, address: 15C8 - 1613 (0x4c bytes), align: 1
  Segment part 33.            Intra module refs:   CRC_Check
                                                   sendDataBlock
                                                   sendMessage
           ENTRY                   ADDRESS         REF BY
           =====                   =======         ======
           PI_sendData             15C8 
               calls direct
               CSTACK = 00000000 ( 00000006 )
    -------------------------------------------------------------------------
<CODE> 1 (was CODE)
  Relative segment, address: 1656 - 166B (0x16 bytes), align: 1
  Segment part 49.            Intra module refs:   BSL430_unlock_BSL
                                                   interpretCommand
           LOCAL                   ADDRESS         
           =====                   =======         
           ?Subroutine2            1656 
    -------------------------------------------------------------------------
<CODE> 1 (was CODE)
  Relative segment, address: 166C - 1679 (0xe bytes), align: 1
  Segment part 50.            Intra module refs:   ?Subroutine2
                                                   interpretCommand
                                                   receiveDataBlock
           LOCAL                   ADDRESS         
           =====                   =======         
           ?Subroutine6            166C 

    *************************************************************************

  FILE NAME : C:\Documents and Settings\a0217845\Desktop\Custom_BSL_Zip_File\BSL_Source\MSP430F552x_TA_UART\Debug\Obj\BSL430_Command_Interpreter.r43
    *************************************************************************

  FILE NAME : C:\Documents and Settings\a0217845\Desktop\Custom_BSL_Zip_File\BSL_Source\MSP430F552x_TA_UART\Debug\Obj\BSL430_Low_Level_Init.r43
  PROGRAM MODULE, NAME : BSL430_Low_Level_Init

Absolute parts
           ENTRY                   ADDRESS         REF BY
           =====                   =======         ======
           BSL_REQ_JTAG_OPEN       0001 
           BSL_REQ_APP_CALL        0002 
  SEGMENTS IN THE MODULE
  ======================
ZAREA
  Common segment, address: 1000 - 100F (0x10 bytes), align: 1
  Segment part 0. ROOT.       Intra module refs:   Segment part 2
           LOCAL                   ADDRESS         
           =====                   =======         
           BSL_Entry_JMP           1000 
    -------------------------------------------------------------------------
ZAREA_CODE
  Relative segment, address: 1028 - 1055 (0x2e bytes), align: 1
  Segment part 1. ROOT.       Intra module refs:   Segment part 0
                                                   Segment part 2
           LOCAL                   ADDRESS         
           =====                   =======         
           BSL_ACTION0             1028 
           RETURN_ERROR            1036 
           RETURN_TO_BSL           103C 
           BSL_Protect             1042 
           BCC2BSL                 1054 
    -------------------------------------------------------------------------
BSLSIG
  Common segment, address: 17F0 - 17FB (0xc bytes), align: 1
  Segment part 2. ROOT.
           ENTRY                   ADDRESS         REF BY
           =====                   =======         ======
           BslEntryLoc             17FA 
           BslProtectVecLoc        17F2 
           PBSLSigLoc              17F4 
           SBSLSigLoc              17F6 
    -------------------------------------------------------------------------
JTAGLOCK_KEY
  Common segment, address: 17FC - 17FF (0x4 bytes), align: 1
  Segment part 3. ROOT.
           ENTRY                   ADDRESS         REF BY
           =====                   =======         ======
           PJTAGLOCK_KEY           17FC 
           SJTAGLOCK_KEY           17FE 

    *************************************************************************

  FILE NAME : C:\Documents and Settings\a0217845\Desktop\Custom_BSL_Zip_File\BSL_Source\MSP430F552x_TA_UART\Debug\Obj\BSL430_PI_TA.r43
    *************************************************************************

  FILE NAME : C:\Program Files\IAR Systems\Embedded Workbench 6.0 Kickstart - V5.20\430\LIB\DLIB\dl430xsfn.r43
  LIBRARY MODULE, NAME : ?_exit

  SEGMENTS IN THE MODULE
  ======================
<CODE> 1 (was CODE)
  Relative segment, address: 16A8, align: 1
  Segment part 0.
           ENTRY                   ADDRESS         REF BY
           =====                   =======         ======
           _exit                   16A8            exit (?exit)
    -------------------------------------------------------------------------
<CODE> 1 (was CODE)
  Relative segment, address: 16A8 - 16AB (0x4 bytes), align: 1
  Segment part 5.             Intra module refs:   _exit

    -------------------------------------------------------------------------
  LIBRARY MODULE, NAME : ?cstart

  SEGMENTS IN THE MODULE
  ======================
CSTACK
  Relative segment, address: 3360, align: 1
  Segment part 1.
    -------------------------------------------------------------------------
CSTART
  Relative segment, address: 1014 - 1017 (0x4 bytes), align: 1
  Segment part 10.
           ENTRY                   ADDRESS         REF BY
           =====                   =======         ======
           __program_start         1014            ?reset_vector (?reset_vector)
                                                   Absolute parts (?ABS_ENTRY_MOD)
                                                   Segment part 0 (BSL430_Low_Level_Init)
           ?cstart_begin           1014 
    -------------------------------------------------------------------------
CSTART
  Relative segment, address: 1018 - 101F (0x8 bytes), align: 1
  Segment part 11.
           ENTRY                   ADDRESS         REF BY
           =====                   =======         ======
           ?cstart_call_low_level_init
                                   1018            __low_level_init (BSL430_API)
    -------------------------------------------------------------------------
CSTART
  Relative segment, address: 1020 - 1027 (0x8 bytes), align: 1
  Segment part 19.            Intra module refs:   ?cstart_call_low_level_init
                                                   Segment part 10
           ENTRY                   ADDRESS         REF BY
           =====                   =======         ======
           ?cstart_call_main       1020 
           ?cstart_end             1028 

    -------------------------------------------------------------------------
  LIBRARY MODULE, NAME : ?reset_vector

  SEGMENTS IN THE MODULE
  ======================
RESET
  Relative segment, address: FFAE - FFAF (0x2 bytes), align: 1
  Segment part 0.
           ENTRY                   ADDRESS         REF BY
           =====                   =======         ======
           ?reset_vector           FFAE            Segment part 10 (?cstart)

    -------------------------------------------------------------------------
  LIBRARY MODULE, NAME : ?exit

  SEGMENTS IN THE MODULE
  ======================
<CODE> 1 (was CODE)
  Relative segment, address: 169C - 169F (0x4 bytes), align: 1
  Segment part 2.
           ENTRY                   ADDRESS         REF BY
           =====                   =======         ======
           exit                    169C            Segment part 19 (?cstart)
               calls direct
               CSTACK = 00000000 ( 00000004 )

    -------------------------------------------------------------------------
  LIBRARY MODULE, NAME : ?IndCallR13

  SEGMENTS IN THE MODULE
  ======================
<CODE> 1 (was CODE)
  Relative segment, address: 16A0 - 16A3 (0x4 bytes), align: 1
  Segment part 0.
           ENTRY                   ADDRESS         REF BY
           =====                   =======         ======
           ?IndCallR13             16A0            interpretCommand (BSL430_API)

    -------------------------------------------------------------------------
  LIBRARY MODULE, NAME : ?__exit

  SEGMENTS IN THE MODULE
  ======================
<CODE> 1 (was CODE)
  Relative segment, address: 16A4 - 16A7 (0x4 bytes), align: 1
  Segment part 2.
           ENTRY                   ADDRESS         REF BY
           =====                   =======         ======
           __exit                  16A4            Segment part 5 (?_exit)
                                                   _exit (?_exit)




                ****************************************
                *                                      *
                *      SEGMENTS IN ADDRESS ORDER       *
                *                                      *
                ****************************************


SEGMENT              SPACE    START ADDRESS   END ADDRESS     SIZE  TYPE  ALIGN
=======              =====    =============   ===========     ====  ====  =====
DATA16_AN                              0140 - 0141               2   rel    0
                                       0144 - 0145               2 
                                       0152 - 0155               4 
                                       015C - 015D               2 
                                       0160 - 0165               6 
                                       0168 - 016B               4 
                                       0204 - 0205               2 
                                       020A - 020B               2 
                                       0340 - 0345               6 
                                       0350 - 0355               6 
ZAREA                                  1000 - 100F              10   com    1
BSL430_VERSION_VENDOR
                                       1010 - 1010               1   rel    0
BSL430_VERSION_CI                      1011 - 1011               1   rel    0
BSL430_VERSION_API                     1012 - 1012               1   rel    0
BSL430_VERSION_PI                      1013 - 1013               1   rel    0
CSTART                                 1014 - 1027              14   rel    1
ZAREA_CODE                             1028 - 1055              2E   rel    1
<CODE> 1                               1056 - 16AB             656   rel    1
BSLSIG                                 17F0 - 17FB               C   com    1
JTAGLOCK_KEY                           17FC - 17FF               4   com    1
DATA16_Z                                  2400                       dse    0
DATA16_I                                  2400                       dse    0
DATA16_N                               2400 - 2511             112   rel    1
CSTACK                                 3360 - 33FF              A0   rel    1
RESET                                  FFAE - FFAF               2   rel    1

                ****************************************
                *                                      *
                *        END OF CROSS REFERENCE        *
                *                                      *
                ****************************************

 1 706 bytes of CODE  memory
   434 bytes of DATA  memory (+ 36 absolute )
    20 bytes of CONST memory

Errors: none
Warnings: none

